// Jest Snapshot v1, https://goo.gl/fbAQLP

exports[`profile actions clear profile 1`] = `
Object {
  "type": "CLEAR_PROFILE",
}
`;

exports[`profile actions fillProfile 1`] = `
Object {
  "payload": Object {
    "avatar": "TEST_AVATAR",
    "firstName": "Walter",
    "id": "TEST_ID",
    "lastName": "White",
    "token": "TEST_TOKEN",
  },
  "type": "FILL_PROFILE",
}
`;

exports[`profile actions update avatar 1`] = `
Object {
  "payload": "https://www.url.com",
  "type": "UPDATE_AVATAR",
}
`;

exports[`profile actions update avatar async 1`] = `
Object {
  "payload": Array [
    "avatar",
  ],
  "type": "UPDATE_AVATAR_ASYNC",
}
`;

exports[`profile actions update name async 1`] = `
Object {
  "payload": Object {
    "firstName": "Simon",
    "lastName": "Pirson",
  },
  "type": "UPDATE_NAME_ASYNC",
}
`;

exports[`profile actions update password async 1`] = `
Object {
  "payload": Object {
    "NewPassword": "123456",
    "oldPassword": "12345",
  },
  "type": "UPDATE_PASSWORD_ASYNC",
}
`;
